// Jest Snapshot v1, https://goo.gl/fbAQLP

exports[`ForecastSummary renders 1`] = `
<DocumentFragment>
  <div
    class="forecast-summary"
  >
    , mockDescription, mockIcon, 
  </div>
</DocumentFragment>
`;
